  console.log
    [dotenv@17.3.1] injecting env (7) from .env -- tip: ­ƒöÉ prevent building .env in docker: https://dotenvx.com/prebuild

      at _log (node_modules/dotenv/lib/main.js:139:11)

  console.warn
    [2026-03-22T00:37:15.204Z]  @firebase/firestore: Firestore (12.11.0): GrpcConnection RPC 'Write' stream 0x2c43db55 error. Code: 7 Message: 7 PERMISSION_DENIED: Missing or insufficient permissions.

      at Logger.defaultLogHandler [as _logHandler] (node_modules/@firebase/logger/src/logger.ts:115:57)
      at Logger.warn (node_modules/@firebase/logger/src/logger.ts:206:10)
      at logWarn (node_modules/@firebase/firestore/src/util/log.ts:69:15)
      at ClientDuplexStreamImpl.<anonymous> (node_modules/@firebase/firestore/src/platform/node/grpc_connection.ts:318:9)
      at Object.onReceiveStatus (node_modules/@grpc/grpc-js/src/client.ts:705:18)
      at Object.onReceiveStatus (node_modules/@grpc/grpc-js/src/client-interceptors.ts:419:48)
      at node_modules/@grpc/grpc-js/src/resolving-call.ts:132:24

node.exe : FAIL 
src/__tests__/firebase.integration.test.ts
At line:1 char:1
+ & "C:\Program Files\nodejs/node.exe" 
"C:\Program Files\nodejs/node_mo ...
+ ~~~~~~~~~~~~~~~~~~~~~~~~~~~~~~~~~~~~~~~~~~~
~~~~~~~~~~~~~~~~~~~~~~~~~~
    + CategoryInfo          : NotSpecified:  
   (FAIL src/__test...gration.test.ts:Strin  
  g) [], RemoteException
    + FullyQualifiedErrorId : NativeCommandE 
   rror
 
  Firebase Integration
    ÔêÜ Firebase app should be initialized 
(4 ms)
    ÔêÜ Firebase Auth should be initialized 
(1 ms)
    ÔêÜ Firebase Firestore should be 
initialized (1 ms)
    ÔêÜ Firebase Storage should be 
initialized (1 ms)
    ÔêÜ Firebase config should use 
environment variables (1 ms)
    Firestore Functional Tests
      ├ù Should be able to write to 
Firestore (984 ms)
      ├ù Should be able to read from 
Firestore (117 ms)
      ÔêÜ Should be able to delete from 
Firestore
    Auth Functional Tests
      ├ù Should be able to sign in 
anonymously (330 ms)

  ÔùÅ Firebase Integration ÔÇ║ Firestore 
Functional Tests ÔÇ║ Should be able to write 
to Firestore

    FirebaseError: 7 PERMISSION_DENIED: 
Missing or insufficient permissions.


  ÔùÅ Firebase Integration ÔÇ║ Firestore 
Functional Tests ÔÇ║ Should be able to read 
from Firestore

    FirebaseError: Missing or insufficient 
permissions.


  ÔùÅ Firebase Integration ÔÇ║ Auth 
Functional Tests ÔÇ║ Should be able to sign 
in anonymously

    FirebaseError: Firebase: Error 
(auth/admin-restricted-operation).

      at createErrorInternal (node_modules/@f
irebase/auth/src/core/util/assert.ts:146:55)
      at _fail (node_modules/@firebase/auth/s
rc/core/util/assert.ts:65:9)
      at _performFetchWithErrorHandling (node
_modules/@firebase/auth/src/api/index.ts:243:
9)
      at _performSignInRequest (node_modules/
@firebase/auth/src/api/index.ts:264:26)
      at signInAnonymously (node_modules/@fir
ebase/auth/src/core/strategies/anonymous.ts:5
7:20)

Test Suites: 1 failed, 1 total
Tests:       3 failed, 6 passed, 9 total
Snapshots:   0 total
Time:        2.937 s, estimated 4 s
Ran all test suites matching 
src/__tests__/firebase.integration.test.ts.
Jest did not exit one second after the test 
run has completed.

'This usually means that there are 
asynchronous operations that weren't stopped 
in your tests. Consider running Jest with 
`--detectOpenHandles` to troubleshoot this 
issue.
  console.warn
    [2026-03-22T00:38:45.576Z]  @firebase/firestore: Firestore (12.11.0): GrpcConnection RPC 'Listen' stream 0x2c43db56 error. Code: 1 Message: 1 CANCELLED: Disconnecting idle stream. Timed out waiting for new targets.

      at Logger.defaultLogHandler [as _logHandler] (node_modules/@firebase/logger/src/logger.ts:115:57)
      at Logger.warn (node_modules/@firebase/logger/src/logger.ts:206:10)
      at logWarn (node_modules/@firebase/firestore/src/util/log.ts:69:15)
      at ClientDuplexStreamImpl.<anonymous> (node_modules/@firebase/firestore/src/platform/node/grpc_connection.ts:318:9)
      at Object.onReceiveStatus (node_modules/@grpc/grpc-js/src/client.ts:705:18)
      at Object.onReceiveStatus (node_modules/@grpc/grpc-js/src/client-interceptors.ts:419:48)
      at node_modules/@grpc/grpc-js/src/resolving-call.ts:132:24

