src/screens/CartScreen.tsx(135,1): error TS1128: Declaration or statement expected.
